To honour the JVM settings for this build a single-use Daemon process will be forked. For more on this, please refer to https://docs.gradle.org/9.3.1/userguide/gradle_daemon.html#sec:disabling_the_daemon in the Gradle documentation.
Daemon will be stopped at the end of the build 
> Task :gradle-plugin:settings-plugin:checkKotlinGradlePluginConfigurationErrors SKIPPED
> Task :expo-gradle-plugin:expo-autolinking-settings-plugin:checkKotlinGradlePluginConfigurationErrors SKIPPED
> Task :gradle-plugin:shared:checkKotlinGradlePluginConfigurationErrors SKIPPED
> Task :expo-gradle-plugin:expo-autolinking-plugin-shared:checkKotlinGradlePluginConfigurationErrors SKIPPED
> Task :expo-gradle-plugin:expo-autolinking-settings-plugin:pluginDescriptors UP-TO-DATE
> Task :gradle-plugin:settings-plugin:pluginDescriptors UP-TO-DATE
> Task :expo-gradle-plugin:expo-autolinking-settings-plugin:processResources UP-TO-DATE
> Task :gradle-plugin:settings-plugin:processResources UP-TO-DATE
> Task :expo-gradle-plugin:expo-autolinking-plugin-shared:compileKotlin UP-TO-DATE
> Task :gradle-plugin:shared:compileKotlin UP-TO-DATE
> Task :gradle-plugin:shared:compileJava NO-SOURCE
> Task :expo-gradle-plugin:expo-autolinking-plugin-shared:compileJava NO-SOURCE
> Task :gradle-plugin:shared:processResources NO-SOURCE
> Task :expo-gradle-plugin:expo-autolinking-plugin-shared:processResources NO-SOURCE
> Task :gradle-plugin:shared:classes UP-TO-DATE
> Task :expo-gradle-plugin:expo-autolinking-plugin-shared:classes UP-TO-DATE
> Task :gradle-plugin:shared:jar UP-TO-DATE
> Task :expo-gradle-plugin:expo-autolinking-plugin-shared:jar UP-TO-DATE
> Task :gradle-plugin:settings-plugin:compileKotlin UP-TO-DATE
> Task :gradle-plugin:settings-plugin:compileJava NO-SOURCE
> Task :gradle-plugin:settings-plugin:classes UP-TO-DATE
> Task :gradle-plugin:settings-plugin:jar UP-TO-DATE
> Task :expo-gradle-plugin:expo-autolinking-settings-plugin:compileKotlin UP-TO-DATE
> Task :expo-gradle-plugin:expo-autolinking-settings-plugin:compileJava NO-SOURCE
> Task :expo-gradle-plugin:expo-autolinking-settings-plugin:classes UP-TO-DATE
> Task :expo-gradle-plugin:expo-autolinking-settings-plugin:jar UP-TO-DATE
> Task :expo-gradle-plugin:expo-autolinking-plugin:checkKotlinGradlePluginConfigurationErrors SKIPPED
> Task :expo-gradle-plugin:expo-max-sdk-override-plugin:checkKotlinGradlePluginConfigurationErrors SKIPPED
> Task :gradle-plugin:react-native-gradle-plugin:checkKotlinGradlePluginConfigurationErrors SKIPPED
> Task :expo-module-gradle-plugin:checkKotlinGradlePluginConfigurationErrors SKIPPED
> Task :expo-module-gradle-plugin:pluginDescriptors UP-TO-DATE
> Task :expo-module-gradle-plugin:processResources UP-TO-DATE
> Task :expo-gradle-plugin:expo-max-sdk-override-plugin:compileKotlin UP-TO-DATE
> Task :expo-gradle-plugin:expo-max-sdk-override-plugin:compileJava NO-SOURCE
> Task :expo-gradle-plugin:expo-autolinking-plugin:compileKotlin UP-TO-DATE
> Task :expo-gradle-plugin:expo-max-sdk-override-plugin:pluginDescriptors UP-TO-DATE
> Task :expo-gradle-plugin:expo-autolinking-plugin:compileJava NO-SOURCE
> Task :expo-gradle-plugin:expo-max-sdk-override-plugin:processResources UP-TO-DATE
> Task :expo-gradle-plugin:expo-max-sdk-override-plugin:classes UP-TO-DATE
> Task :expo-gradle-plugin:expo-autolinking-plugin:pluginDescriptors UP-TO-DATE
> Task :expo-gradle-plugin:expo-max-sdk-override-plugin:jar UP-TO-DATE
> Task :expo-gradle-plugin:expo-autolinking-plugin:processResources UP-TO-DATE
> Task :expo-gradle-plugin:expo-autolinking-plugin:classes UP-TO-DATE
> Task :expo-gradle-plugin:expo-autolinking-plugin:jar UP-TO-DATE
> Task :gradle-plugin:react-native-gradle-plugin:compileKotlin UP-TO-DATE
> Task :gradle-plugin:react-native-gradle-plugin:compileJava NO-SOURCE
> Task :gradle-plugin:react-native-gradle-plugin:pluginDescriptors UP-TO-DATE
> Task :gradle-plugin:react-native-gradle-plugin:processResources UP-TO-DATE
> Task :gradle-plugin:react-native-gradle-plugin:classes UP-TO-DATE
> Task :gradle-plugin:react-native-gradle-plugin:jar UP-TO-DATE
> Task :expo-module-gradle-plugin:compileKotlin UP-TO-DATE
> Task :expo-module-gradle-plugin:compileJava NO-SOURCE
> Task :expo-module-gradle-plugin:classes UP-TO-DATE
> Task :expo-module-gradle-plugin:jar UP-TO-DATE

> Configure project :
[32m[ExpoRootProject][0m Using the following versions:
  - buildTools:  [32m36.0.0[0m
  - minSdk:      [32m24[0m
  - compileSdk:  [32m36[0m
  - targetSdk:   [32m36[0m
  - ndk:         [32m27.1.12297006[0m
  - kotlin:      [32m2.1.20[0m
  - ksp:         [32m2.1.20-2.0.1[0m

> Configure project :app
 ℹ️  [33mApplying gradle plugin[0m '[32mexpo-max-sdk-override-plugin[0m'
  [expo-max-sdk-override-plugin] This plugin will find all permissions declared with `android:maxSdkVersion`. If there exists a declaration with the `android:maxSdkVersion` annotation and another one without, the plugin will remove the annotation from the final merged manifest. In order to see a log with the changes run a clean build of the app.

> Configure project :expo

Using expo modules
  - [32mexpo-log-box[0m (57.0.4)
  - [32mexpo-constants[0m (57.0.19)

> Configure project :expo-modules-core
Linking react-native-worklets native libs into expo-modules-core build tasks
task ':react-native-worklets:mergeDebugNativeLibs'
task ':react-native-worklets:mergeReleaseNativeLibs'

> Configure project :expo
  - [32mexpo-modules-core[0m (57.0.18)
  - [33m[📦][0m [32mexpo-dom-webview[0m (57.0.1)
  - [33m[📦][0m [32mexpo-ui[0m (57.0.19)
  - [33m[📦][0m [32mexpo-asset[0m (57.0.18)
  - [33m[📦][0m [32mexpo-blur[0m (57.0.3)
  - [33m[📦][0m [32mexpo-camera[0m (57.0.5)
  - [33m[📦][0m [32mexpo-crypto[0m (57.0.3)
  - [33m[📦][0m [32mexpo-file-system[0m (57.0.7)
  - [33m[📦][0m [32mexpo-font[0m (57.0.4)
  - [33m[📦][0m [32mexpo-haptics[0m (57.0.3)
  - [33m[📦][0m [32mexpo-image[0m (57.0.5)
  - [33m[📦][0m [32mexpo-image-loader[0m (57.0.1)
  - [33m[📦][0m [32mexpo-image-picker[0m (57.0.19)
  - [33m[📦][0m [32mexpo-keep-awake[0m (57.0.2)
  - [33m[📦][0m [32mexpo-linear-gradient[0m (57.0.2)
  - [33m[📦][0m [32mexpo-linking[0m (57.0.10)
  - [33m[📦][0m [32mexpo-location[0m (57.0.19)
  - [33m[📦][0m [32mexpo-router[0m (57.0.22)
  - [33m[📦][0m [32mexpo-secure-store[0m (57.0.4)
  - [33m[📦][0m [32mexpo-splash-screen[0m (57.0.9)
  - [33m[📦][0m [32mexpo-sqlite[0m (57.0.3)
  - [33m[📦][0m [32mexpo-status-bar[0m (57.0.1)
  - [33m[📦][0m [32mexpo-system-ui[0m (57.0.4)
  - [33m[📦][0m [32mexpo-task-manager[0m (57.0.21)
  - [33m[📦][0m [32mexpo-web-browser[0m (57.0.3)
  - [33m[📦][0m [32munimodules-app-loader[0m (57.0.2)


> Task :expo-modules-core:preBuild UP-TO-DATE
> Task :expo-log-box:preBuild UP-TO-DATE
> Task :react-native-maps:generateCodegenSchemaFromJavaScript SKIPPED
> Task :react-native-masked-view_masked-view:preBuild UP-TO-DATE
> Task :react-native-masked-view_masked-view:preReleaseBuild UP-TO-DATE
> Task :expo-log-box:preReleaseBuild UP-TO-DATE
> Task :expo-modules-core:preReleaseBuild UP-TO-DATE
> Task :react-native-maps:generateCodegenArtifactsFromSchema SKIPPED
> Task :react-native-maps:preBuild UP-TO-DATE
> Task :react-native-maps:preReleaseBuild UP-TO-DATE
> Task :expo:generatePackagesList
> Task :expo:preBuild
> Task :expo:preReleaseBuild
> Task :app:generateAutolinkingNewArchitectureFiles
> Task :app:generateAutolinkingPackageList
> Task :app:generateCodegenSchemaFromJavaScript SKIPPED
> Task :app:generateCodegenArtifactsFromSchema SKIPPED
> Task :app:generateReactNativeEntryPoint
> Task :expo:mergeReleaseJniLibFolders
> Task :expo-log-box:mergeReleaseJniLibFolders
> Task :react-native-maps:mergeReleaseJniLibFolders
> Task :expo-modules-core:mergeReleaseJniLibFolders
> Task :react-native-masked-view_masked-view:mergeReleaseJniLibFolders
> Task :expo-modules-core:checkKotlinGradlePluginConfigurationErrors SKIPPED
> Task :expo-log-box:mergeReleaseNativeLibs NO-SOURCE
> Task :expo:mergeReleaseNativeLibs NO-SOURCE
> Task :react-native-masked-view_masked-view:mergeReleaseNativeLibs NO-SOURCE
> Task :react-native-maps:mergeReleaseNativeLibs NO-SOURCE
> Task :react-native-maps:checkKotlinGradlePluginConfigurationErrors SKIPPED
> Task :react-native-masked-view_masked-view:copyReleaseJniLibsProjectOnly
> Task :expo-log-box:copyReleaseJniLibsProjectOnly
> Task :expo:copyReleaseJniLibsProjectOnly
> Task :react-native-maps:copyReleaseJniLibsProjectOnly
> Task :expo-log-box:checkKotlinGradlePluginConfigurationErrors SKIPPED
> Task :expo:checkKotlinGradlePluginConfigurationErrors SKIPPED
> Task :react-native-masked-view_masked-view:generateReleaseBuildConfig
> Task :expo:generateReleaseBuildConfig
> Task :react-native-maps:generateReleaseBuildConfig
> Task :expo-log-box:generateReleaseBuildConfig
> Task :expo-modules-core:generateReleaseBuildConfig
> Task :expo:generateReleaseResValues
> Task :react-native-masked-view_masked-view:generateReleaseResValues
> Task :expo-log-box:generateReleaseResValues
> Task :expo-modules-core:generateReleaseResValues
> Task :react-native-maps:generateReleaseResValues
> Task :expo:generateReleaseResources
> Task :react-native-masked-view_masked-view:generateReleaseResources
> Task :expo-log-box:generateReleaseResources
> Task :expo-modules-core:generateReleaseResources
> Task :app:buildKotlinToolingMetadata
> Task :app:checkKotlinGradlePluginConfigurationErrors SKIPPED
> Task :react-native-maps:generateReleaseResources
> Task :expo-log-box:packageReleaseResources
> Task :react-native-masked-view_masked-view:packageReleaseResources
> Task :expo:packageReleaseResources
> Task :expo-modules-core:packageReleaseResources
> Task :react-native-maps:packageReleaseResources
> Task :expo-modules-core:javaPreCompileRelease
> Task :react-native-maps:javaPreCompileRelease
> Task :expo-log-box:javaPreCompileRelease
> Task :expo:javaPreCompileRelease
> Task :react-native-masked-view_masked-view:javaPreCompileRelease
> Task :expo:writeReleaseAarMetadata
> Task :expo-log-box:parseReleaseLocalResources
> Task :expo:parseReleaseLocalResources
> Task :react-native-masked-view_masked-view:parseReleaseLocalResources
> Task :expo-modules-core:parseReleaseLocalResources
> Task :react-native-maps:parseReleaseLocalResources
> Task :expo-log-box:writeReleaseAarMetadata
> Task :expo-modules-core:writeReleaseAarMetadata
> Task :react-native-reanimated:assertMinimalReactNativeVersionTask
> Task :react-native-maps:writeReleaseAarMetadata
> Task :react-native-masked-view_masked-view:writeReleaseAarMetadata
> Task :expo:extractDeepLinksRelease
> Task :expo:generateReleaseRFile
> Task :react-native-maps:generateReleaseRFile
> Task :react-native-masked-view_masked-view:generateReleaseRFile
> Task :expo-log-box:generateReleaseRFile
> Task :expo-modules-core:generateReleaseRFile
> Task :react-native-worklets:assertMinimalReactNativeVersionTask
> Task :expo-modules-core:extractDeepLinksRelease
> Task :expo-log-box:extractDeepLinksRelease
> Task :react-native-maps:compileReleaseKotlin NO-SOURCE
> Task :expo-log-box:processReleaseManifest

> Task :expo-modules-core:processReleaseManifest
C:\Users\272249\AppData\Local\Temp\r91fresh\frontend\node_modules\expo-modules-core\android\src\main\AndroidManifest.xml:8:9-11:45 Warning:
	meta-data#com.facebook.soloader.enabled@android:value was tagged at AndroidManifest.xml:8 to replace other declarations but no other declaration present

> Task :expo:processReleaseManifest
> Task :expo:prepareReleaseArtProfile
> Task :expo-log-box:prepareReleaseArtProfile
> Task :expo-modules-core:compileReleaseLibraryResources
> Task :expo-log-box:compileReleaseLibraryResources
> Task :expo:compileReleaseLibraryResources
> Task :expo-modules-core:prepareReleaseArtProfile
> Task :expo-modules-core:mergeReleaseShaders
> Task :expo:mergeReleaseShaders
> Task :expo:compileReleaseShaders NO-SOURCE
> Task :expo-modules-core:compileReleaseShaders NO-SOURCE
> Task :expo:generateReleaseAssets UP-TO-DATE
> Task :expo-modules-core:generateReleaseAssets UP-TO-DATE
> Task :expo-log-box:mergeReleaseShaders
> Task :expo-log-box:compileReleaseShaders NO-SOURCE
> Task :expo-log-box:generateReleaseAssets UP-TO-DATE
> Task :expo:mergeReleaseAssets
> Task :expo-modules-core:mergeReleaseAssets
> Task :expo-log-box:mergeReleaseAssets
> Task :expo:extractProguardFiles
> Task :expo-modules-core:extractProguardFiles
> Task :expo-log-box:extractProguardFiles
> Task :expo:stripReleaseDebugSymbols NO-SOURCE
> Task :expo:prepareLintJarForPublish
> Task :expo-modules-core:prepareLintJarForPublish
> Task :expo-log-box:prepareLintJarForPublish
> Task :expo-modules-core:extractDeepLinksForAarRelease
> Task :expo-log-box:stripReleaseDebugSymbols NO-SOURCE
> Task :expo-log-box:copyReleaseJniLibsProjectAndLocalJars
> Task :expo-modules-core:writeReleaseLintModelMetadata
> Task :expo:copyReleaseJniLibsProjectAndLocalJars
> Task :react-native-reanimated:assertWorkletsVersionTask
> Task :expo-log-box:extractDeepLinksForAarRelease
> Task :expo:extractDeepLinksForAarRelease
> Task :expo-log-box:writeReleaseLintModelMetadata
> Task :expo:writeReleaseLintModelMetadata

> Task :expo-constants:createExpoConfig
The NODE_ENV environment variable is required but was not specified. Ensure the project is bundled with Expo CLI or NODE_ENV is set. Using only .env.local and .env

> Task :expo-constants:preBuild
> Task :expo-constants:preReleaseBuild
> Task :expo-constants:mergeReleaseJniLibFolders
> Task :expo-constants:mergeReleaseNativeLibs NO-SOURCE
> Task :expo-constants:copyReleaseJniLibsProjectOnly
> Task :expo-constants:checkKotlinGradlePluginConfigurationErrors SKIPPED
> Task :expo-constants:generateReleaseBuildConfig
> Task :expo-constants:generateReleaseResValues
> Task :expo-constants:generateReleaseResources
> Task :expo-constants:packageReleaseResources
> Task :expo-constants:parseReleaseLocalResources
> Task :expo-constants:writeReleaseAarMetadata
> Task :expo-constants:javaPreCompileRelease
> Task :expo-constants:extractDeepLinksRelease
> Task :expo-constants:generateReleaseRFile
> Task :expo-log-box:mapReleaseSourceSetPaths
> Task :expo-constants:processReleaseManifest
> Task :expo-constants:compileReleaseLibraryResources
> Task :expo-constants:prepareReleaseArtProfile
> Task :expo-constants:mergeReleaseShaders
> Task :expo-constants:compileReleaseShaders NO-SOURCE
> Task :expo-constants:generateReleaseAssets UP-TO-DATE
> Task :expo-constants:mergeReleaseAssets
> Task :expo-constants:extractProguardFiles
> Task :expo-constants:prepareLintJarForPublish
> Task :expo-constants:stripReleaseDebugSymbols NO-SOURCE
> Task :expo-constants:copyReleaseJniLibsProjectAndLocalJars
> Task :expo-constants:extractDeepLinksForAarRelease
> Task :expo-constants:writeReleaseLintModelMetadata
> Task :expo-constants:mapReleaseSourceSetPaths
> Task :expo-constants:mergeReleaseResources
> Task :expo-constants:verifyReleaseResources
> Task :react-native-async-storage_async-storage:generateCodegenSchemaFromJavaScript
> Task :react-native-safe-area-context:generateCodegenSchemaFromJavaScript
> Task :react-native-community_netinfo:generateCodegenSchemaFromJavaScript
> Task :react-native-reanimated:generateCodegenSchemaFromJavaScript
> Task :react-native-worklets:generateCodegenSchemaFromJavaScript
> Task :react-native-gesture-handler:generateCodegenSchemaFromJavaScript
> Task :react-native-webview:generateCodegenSchemaFromJavaScript
> Task :react-native-screens:generateCodegenSchemaFromJavaScript

> Task :react-native-masked-view_masked-view:compileReleaseJavaWithJavac
Note: C:\Users\272249\AppData\Local\Temp\r91fresh\frontend\node_modules\@react-native-masked-view\masked-view\android\src\main\java\org\reactnative\maskedview\RNCMaskedViewPackage.java uses or overrides a deprecated API.
Note: Recompile with -Xlint:deprecation for details.

> Task :react-native-masked-view_masked-view:extractDeepLinksRelease
> Task :react-native-masked-view_masked-view:bundleLibRuntimeToDirRelease
> Task :react-native-masked-view_masked-view:processReleaseManifest
> Task :react-native-masked-view_masked-view:compileReleaseLibraryResources
> Task :react-native-masked-view_masked-view:prepareReleaseArtProfile
> Task :react-native-masked-view_masked-view:mergeReleaseShaders
> Task :react-native-masked-view_masked-view:compileReleaseShaders NO-SOURCE
> Task :react-native-masked-view_masked-view:generateReleaseAssets UP-TO-DATE
> Task :react-native-masked-view_masked-view:bundleLibRuntimeToJarRelease
> Task :react-native-masked-view_masked-view:mergeReleaseAssets
> Task :react-native-masked-view_masked-view:processReleaseJavaRes NO-SOURCE
> Task :react-native-masked-view_masked-view:bundleLibCompileToJarRelease
> Task :react-native-masked-view_masked-view:createFullJarRelease
> Task :react-native-masked-view_masked-view:extractProguardFiles
> Task :react-native-masked-view_masked-view:generateReleaseLintModel
> Task :react-native-masked-view_masked-view:prepareLintJarForPublish
> Task :react-native-masked-view_masked-view:stripReleaseDebugSymbols NO-SOURCE
> Task :react-native-masked-view_masked-view:copyReleaseJniLibsProjectAndLocalJars
> Task :react-native-masked-view_masked-view:extractDeepLinksForAarRelease
> Task :react-native-masked-view_masked-view:extractReleaseAnnotations
> Task :react-native-masked-view_masked-view:mergeReleaseGeneratedProguardFiles
> Task :react-native-masked-view_masked-view:mergeReleaseConsumerProguardFiles
> Task :react-native-masked-view_masked-view:writeReleaseLintModelMetadata
> Task :react-native-masked-view_masked-view:generateReleaseLintVitalModel
> Task :react-native-masked-view_masked-view:mergeReleaseJavaResource
> Task :react-native-masked-view_masked-view:mapReleaseSourceSetPaths
> Task :react-native-masked-view_masked-view:syncReleaseLibJars
> Task :react-native-masked-view_masked-view:bundleReleaseLocalLintAar
> Task :react-native-masked-view_masked-view:bundleReleaseAar
> Task :react-native-gesture-handler:generateCodegenArtifactsFromSchema
> Task :react-native-gesture-handler:preBuild
> Task :react-native-gesture-handler:preReleaseBuild
> Task :react-native-async-storage_async-storage:generateCodegenArtifactsFromSchema
> Task :react-native-async-storage_async-storage:preBuild
> Task :react-native-async-storage_async-storage:preReleaseBuild
> Task :react-native-reanimated:generateCodegenArtifactsFromSchema
> Task :react-native-community_netinfo:generateCodegenArtifactsFromSchema
> Task :react-native-community_netinfo:preBuild
> Task :react-native-community_netinfo:preReleaseBuild
> Task :react-native-gesture-handler:mergeReleaseJniLibFolders
> Task :react-native-gesture-handler:checkKotlinGradlePluginConfigurationErrors SKIPPED
> Task :react-native-async-storage_async-storage:mergeReleaseJniLibFolders
> Task :react-native-async-storage_async-storage:mergeReleaseNativeLibs NO-SOURCE
> Task :react-native-community_netinfo:mergeReleaseJniLibFolders
> Task :react-native-community_netinfo:mergeReleaseNativeLibs NO-SOURCE
> Task :react-native-async-storage_async-storage:copyReleaseJniLibsProjectOnly
> Task :react-native-webview:generateCodegenArtifactsFromSchema
> Task :react-native-gesture-handler:generateReleaseBuildConfig
> Task :react-native-webview:preBuild
> Task :react-native-webview:preReleaseBuild
> Task :react-native-community_netinfo:copyReleaseJniLibsProjectOnly
> Task :react-native-gesture-handler:generateReleaseResValues
> Task :react-native-webview:mergeReleaseJniLibFolders
> Task :react-native-webview:mergeReleaseNativeLibs NO-SOURCE
> Task :react-native-async-storage_async-storage:generateReleaseBuildConfig
> Task :react-native-webview:checkKotlinGradlePluginConfigurationErrors SKIPPED
> Task :react-native-webview:copyReleaseJniLibsProjectOnly
> Task :react-native-worklets:generateCodegenArtifactsFromSchema
> Task :react-native-community_netinfo:generateReleaseBuildConfig
> Task :react-native-async-storage_async-storage:generateReleaseResValues
> Task :react-native-community_netinfo:generateReleaseResValues
> Task :react-native-gesture-handler:generateReleaseResources
> Task :react-native-webview:generateReleaseBuildConfig
> Task :react-native-community_netinfo:generateReleaseResources
> Task :react-native-safe-area-context:generateCodegenArtifactsFromSchema
> Task :react-native-safe-area-context:preBuild
> Task :react-native-safe-area-context:preReleaseBuild
> Task :react-native-webview:generateReleaseResValues
> Task :react-native-async-storage_async-storage:generateReleaseResources
> Task :react-native-safe-area-context:mergeReleaseJniLibFolders
> Task :react-native-safe-area-context:mergeReleaseNativeLibs NO-SOURCE
> Task :react-native-gesture-handler:packageReleaseResources
> Task :react-native-safe-area-context:checkKotlinGradlePluginConfigurationErrors SKIPPED
> Task :react-native-safe-area-context:copyReleaseJniLibsProjectOnly
> Task :react-native-webview:generateReleaseResources
> Task :react-native-community_netinfo:packageReleaseResources
> Task :react-native-gesture-handler:parseReleaseLocalResources
> Task :react-native-gesture-handler:javaPreCompileRelease
> Task :react-native-async-storage_async-storage:packageReleaseResources
> Task :react-native-safe-area-context:generateReleaseBuildConfig
> Task :react-native-community_netinfo:parseReleaseLocalResources
> Task :react-native-community_netinfo:javaPreCompileRelease
> Task :react-native-safe-area-context:generateReleaseResValues
> Task :react-native-async-storage_async-storage:parseReleaseLocalResources
> Task :react-native-gesture-handler:generateReleaseRFile
> Task :react-native-community_netinfo:writeReleaseAarMetadata
> Task :react-native-community_netinfo:generateReleaseRFile
> Task :react-native-webview:packageReleaseResources
> Task :react-native-safe-area-context:generateReleaseResources
> Task :react-native-gesture-handler:writeReleaseAarMetadata
> Task :react-native-community_netinfo:extractDeepLinksRelease
> Task :react-native-async-storage_async-storage:javaPreCompileRelease
> Task :react-native-gesture-handler:extractDeepLinksRelease
> Task :react-native-webview:javaPreCompileRelease
> Task :react-native-webview:parseReleaseLocalResources
> Task :react-native-screens:generateCodegenArtifactsFromSchema
> Task :react-native-screens:preBuild
> Task :react-native-screens:preReleaseBuild
> Task :react-native-webview:writeReleaseAarMetadata
> Task :react-native-safe-area-context:packageReleaseResources
> Task :react-native-webview:generateReleaseRFile
> Task :react-native-safe-area-context:parseReleaseLocalResources
> Task :react-native-gesture-handler:processReleaseManifest
> Task :react-native-gesture-handler:compileReleaseLibraryResources
> Task :react-native-safe-area-context:generateReleaseRFile
> Task :react-native-gesture-handler:prepareReleaseArtProfile
> Task :react-native-gesture-handler:mergeReleaseShaders
> Task :react-native-gesture-handler:compileReleaseShaders NO-SOURCE
> Task :react-native-gesture-handler:generateReleaseAssets UP-TO-DATE
> Task :react-native-async-storage_async-storage:generateReleaseRFile
> Task :react-native-async-storage_async-storage:writeReleaseAarMetadata
> Task :react-native-gesture-handler:mergeReleaseAssets
> Task :react-native-worklets:prepareWorkletsHeadersForPrefabs
> Task :react-native-worklets:preBuild
> Task :react-native-worklets:preReleaseBuild
> Task :react-native-gesture-handler:extractProguardFiles
> Task :react-native-gesture-handler:prepareLintJarForPublish
> Task :react-native-gesture-handler:extractDeepLinksForAarRelease
> Task :react-native-gesture-handler:writeReleaseLintModelMetadata
> Task :react-native-reanimated:prepareReanimatedHeadersForPrefabs
> Task :react-native-reanimated:preBuild
> Task :react-native-reanimated:preReleaseBuild
> Task :react-native-reanimated:mergeReleaseJniLibFolders
> Task :react-native-reanimated:checkKotlinGradlePluginConfigurationErrors SKIPPED
> Task :react-native-reanimated:generateReleaseBuildConfig
> Task :react-native-reanimated:generateReleaseResValues
> Task :react-native-reanimated:generateReleaseResources
> Task :react-native-reanimated:packageReleaseResources
> Task :react-native-reanimated:parseReleaseLocalResources
> Task :react-native-reanimated:javaPreCompileRelease
> Task :react-native-reanimated:writeReleaseAarMetadata
> Task :react-native-reanimated:generateReleaseRFile
> Task :react-native-reanimated:extractDeepLinksRelease
> Task :react-native-screens:configureCMakeRelWithDebInfo[arm64-v8a]
> Task :react-native-reanimated:compileReleaseLibraryResources
> Task :react-native-reanimated:prepareReleaseArtProfile
> Task :react-native-reanimated:mergeReleaseShaders
> Task :react-native-reanimated:processReleaseManifest
> Task :react-native-reanimated:compileReleaseShaders NO-SOURCE
> Task :react-native-reanimated:generateReleaseAssets UP-TO-DATE
> Task :react-native-reanimated:mergeReleaseAssets
> Task :react-native-reanimated:extractProguardFiles
> Task :react-native-reanimated:prepareLintJarForPublish
> Task :react-native-reanimated:extractDeepLinksForAarRelease
> Task :react-native-reanimated:writeReleaseLintModelMetadata

> Task :react-native-community_netinfo:compileReleaseJavaWithJavac
C:\Users\272249\AppData\Local\Temp\r91fresh\frontend\node_modules\@react-native-community\netinfo\android\src\newarch\com\reactnativecommunity\netinfo\NetInfoModule.java:43: warning: [removal] onCatalystInstanceDestroy() in NativeModule has been deprecated and marked for removal
    public void onCatalystInstanceDestroy() {
                ^
Note: Some input files use or override a deprecated API.
Note: Recompile with -Xlint:deprecation for details.
1 warning

> Task :react-native-async-storage_async-storage:compileReleaseJavaWithJavac
Note: Some input files use or override a deprecated API.
Note: Recompile with -Xlint:deprecation for details.
Note: C:\Users\272249\AppData\Local\Temp\r91fresh\frontend\node_modules\@react-native-async-storage\async-storage\android\src\javaPackage\java\com\reactnativecommunity\asyncstorage\AsyncStoragePackage.java uses unchecked or unsafe operations.
Note: Recompile with -Xlint:unchecked for details.

> Task :react-native-community_netinfo:compileReleaseLibraryResources

> Task :react-native-community_netinfo:processReleaseManifest
package="com.reactnativecommunity.netinfo" found in source AndroidManifest.xml: C:\Users\272249\AppData\Local\Temp\r91fresh\frontend\node_modules\@react-native-community\netinfo\android\src\main\AndroidManifest.xml.
Setting the namespace via the package attribute in the source AndroidManifest.xml is no longer supported, and the value is ignored.
Recommendation: remove package="com.reactnativecommunity.netinfo" from the source AndroidManifest.xml: C:\Users\272249\AppData\Local\Temp\r91fresh\frontend\node_modules\@react-native-community\netinfo\android\src\main\AndroidManifest.xml.

> Task :react-native-community_netinfo:prepareReleaseArtProfile
> Task :react-native-community_netinfo:bundleLibCompileToJarRelease
> Task :react-native-community_netinfo:bundleLibRuntimeToJarRelease
> Task :react-native-community_netinfo:mergeReleaseShaders
> Task :react-native-safe-area-context:javaPreCompileRelease
> Task :react-native-safe-area-context:writeReleaseAarMetadata
> Task :react-native-community_netinfo:compileReleaseShaders NO-SOURCE
> Task :react-native-community_netinfo:generateReleaseAssets UP-TO-DATE
> Task :react-native-safe-area-context:extractDeepLinksRelease
> Task :react-native-community_netinfo:bundleLibRuntimeToDirRelease
> Task :react-native-webview:extractDeepLinksRelease
> Task :react-native-community_netinfo:mergeReleaseAssets
> Task :react-native-community_netinfo:processReleaseJavaRes NO-SOURCE
> Task :react-native-community_netinfo:createFullJarRelease
> Task :react-native-safe-area-context:compileReleaseLibraryResources

> Task :react-native-safe-area-context:processReleaseManifest
package="com.th3rdwave.safeareacontext" found in source AndroidManifest.xml: C:\Users\272249\AppData\Local\Temp\r91fresh\frontend\node_modules\react-native-safe-area-context\android\src\main\AndroidManifest.xml.
Setting the namespace via the package attribute in the source AndroidManifest.xml is no longer supported, and the value is ignored.
Recommendation: remove package="com.th3rdwave.safeareacontext" from the source AndroidManifest.xml: C:\Users\272249\AppData\Local\Temp\r91fresh\frontend\node_modules\react-native-safe-area-context\android\src\main\AndroidManifest.xml.

> Task :react-native-safe-area-context:prepareReleaseArtProfile
> Task :react-native-async-storage_async-storage:extractDeepLinksRelease
> Task :react-native-webview:processReleaseManifest
> Task :react-native-community_netinfo:extractProguardFiles
> Task :react-native-safe-area-context:mergeReleaseShaders

> Task :react-native-async-storage_async-storage:processReleaseManifest
package="com.reactnativecommunity.asyncstorage" found in source AndroidManifest.xml: C:\Users\272249\AppData\Local\Temp\r91fresh\frontend\node_modules\@react-native-async-storage\async-storage\android\src\main\AndroidManifest.xml.
Setting the namespace via the package attribute in the source AndroidManifest.xml is no longer supported, and the value is ignored.
Recommendation: remove package="com.reactnativecommunity.asyncstorage" from the source AndroidManifest.xml: C:\Users\272249\AppData\Local\Temp\r91fresh\frontend\node_modules\@react-native-async-storage\async-storage\android\src\main\AndroidManifest.xml.

> Task :react-native-safe-area-context:compileReleaseShaders NO-SOURCE
> Task :react-native-safe-area-context:generateReleaseAssets UP-TO-DATE
> Task :react-native-webview:prepareReleaseArtProfile
> Task :react-native-safe-area-context:mergeReleaseAssets
> Task :react-native-async-storage_async-storage:bundleLibRuntimeToDirRelease
> Task :react-native-async-storage_async-storage:compileReleaseLibraryResources
> Task :react-native-webview:mergeReleaseShaders
> Task :react-native-async-storage_async-storage:prepareReleaseArtProfile
> Task :react-native-async-storage_async-storage:bundleLibCompileToJarRelease
> Task :react-native-webview:compileReleaseShaders NO-SOURCE
> Task :react-native-webview:generateReleaseAssets UP-TO-DATE
> Task :react-native-async-storage_async-storage:bundleLibRuntimeToJarRelease
> Task :react-native-webview:mergeReleaseAssets
> Task :react-native-async-storage_async-storage:mergeReleaseShaders
> Task :react-native-community_netinfo:generateReleaseLintModel
> Task :react-native-async-storage_async-storage:compileReleaseShaders NO-SOURCE
> Task :react-native-async-storage_async-storage:generateReleaseAssets UP-TO-DATE
> Task :react-native-safe-area-context:extractProguardFiles
> Task :react-native-community_netinfo:prepareLintJarForPublish
> Task :react-native-safe-area-context:prepareLintJarForPublish
> Task :react-native-async-storage_async-storage:mergeReleaseAssets
> Task :react-native-async-storage_async-storage:processReleaseJavaRes NO-SOURCE
> Task :react-native-webview:extractProguardFiles
> Task :react-native-async-storage_async-storage:createFullJarRelease
> Task :react-native-webview:prepareLintJarForPublish
> Task :react-native-safe-area-context:stripReleaseDebugSymbols NO-SOURCE
> Task :react-native-safe-area-context:copyReleaseJniLibsProjectAndLocalJars
> Task :react-native-async-storage_async-storage:extractProguardFiles
> Task :react-native-safe-area-context:extractDeepLinksForAarRelease
> Task :react-native-webview:stripReleaseDebugSymbols NO-SOURCE
> Task :react-native-webview:compileReleaseLibraryResources
> Task :react-native-webview:copyReleaseJniLibsProjectAndLocalJars
> Task :react-native-community_netinfo:stripReleaseDebugSymbols NO-SOURCE
> Task :react-native-webview:extractDeepLinksForAarRelease
> Task :react-native-safe-area-context:writeReleaseLintModelMetadata
> Task :react-native-community_netinfo:extractDeepLinksForAarRelease
> Task :react-native-community_netinfo:copyReleaseJniLibsProjectAndLocalJars
> Task :react-native-community_netinfo:extractReleaseAnnotations
> Task :react-native-webview:writeReleaseLintModelMetadata
> Task :react-native-community_netinfo:mergeReleaseGeneratedProguardFiles
> Task :react-native-community_netinfo:mergeReleaseConsumerProguardFiles
> Task :react-native-async-storage_async-storage:generateReleaseLintModel
> Task :react-native-async-storage_async-storage:prepareLintJarForPublish
> Task :react-native-async-storage_async-storage:stripReleaseDebugSymbols NO-SOURCE
> Task :react-native-safe-area-context:mapReleaseSourceSetPaths
> Task :react-native-async-storage_async-storage:copyReleaseJniLibsProjectAndLocalJars
> Task :react-native-async-storage_async-storage:extractDeepLinksForAarRelease
> Task :react-native-async-storage_async-storage:extractReleaseAnnotations
> Task :react-native-async-storage_async-storage:mergeReleaseGeneratedProguardFiles
> Task :react-native-async-storage_async-storage:mergeReleaseConsumerProguardFiles
> Task :react-native-community_netinfo:mergeReleaseJavaResource
> Task :react-native-async-storage_async-storage:mergeReleaseJavaResource
> Task :react-native-community_netinfo:syncReleaseLibJars
> Task :react-native-async-storage_async-storage:syncReleaseLibJars
> Task :react-native-community_netinfo:bundleReleaseLocalLintAar
> Task :react-native-async-storage_async-storage:bundleReleaseLocalLintAar
> Task :react-native-async-storage_async-storage:writeReleaseLintModelMetadata
> Task :react-native-webview:mapReleaseSourceSetPaths
> Task :react-native-async-storage_async-storage:generateReleaseLintVitalModel
> Task :react-native-async-storage_async-storage:bundleReleaseAar
> Task :react-native-async-storage_async-storage:mapReleaseSourceSetPaths
> Task :react-native-community_netinfo:writeReleaseLintModelMetadata
> Task :react-native-community_netinfo:generateReleaseLintVitalModel
> Task :react-native-community_netinfo:bundleReleaseAar
> Task :react-native-community_netinfo:mapReleaseSourceSetPaths
> Task :react-native-masked-view_masked-view:mergeReleaseResources
> Task :expo-log-box:mergeReleaseResources
> Task :react-native-screens:buildCMakeRelWithDebInfo[arm64-v8a]
> Task :react-native-screens:mergeReleaseJniLibFolders
> Task :react-native-screens:checkKotlinGradlePluginConfigurationErrors SKIPPED
> Task :react-native-screens:mergeReleaseNativeLibs
> Task :react-native-screens:generateReleaseBuildConfig
> Task :react-native-screens:generateReleaseResValues
> Task :react-native-screens:generateReleaseResources
> Task :react-native-screens:packageReleaseResources
> Task :react-native-screens:parseReleaseLocalResources
> Task :react-native-screens:copyReleaseJniLibsProjectOnly
> Task :react-native-screens:javaPreCompileRelease
> Task :react-native-screens:writeReleaseAarMetadata
> Task :react-native-screens:extractDeepLinksRelease
> Task :react-native-screens:generateReleaseRFile
> Task :react-native-async-storage_async-storage:mergeReleaseResources
> Task :react-native-worklets:configureCMakeRelWithDebInfo[arm64-v8a]
> Task :react-native-safe-area-context:mergeReleaseResources
> Task :react-native-webview:mergeReleaseResources
> Task :react-native-community_netinfo:mergeReleaseResources
> Task :react-native-masked-view_masked-view:lintVitalAnalyzeRelease
> Task :react-native-community_netinfo:lintVitalAnalyzeRelease
> Task :react-native-screens:prepareReleaseArtProfile
> Task :react-native-screens:processReleaseManifest
> Task :react-native-screens:mergeReleaseShaders
> Task :react-native-screens:compileReleaseShaders NO-SOURCE
> Task :react-native-screens:generateReleaseAssets UP-TO-DATE
> Task :react-native-screens:compileReleaseLibraryResources
> Task :react-native-screens:mergeReleaseAssets
> Task :react-native-screens:extractProguardFiles
> Task :react-native-screens:prepareLintJarForPublish
> Task :react-native-screens:extractDeepLinksForAarRelease
> Task :react-native-screens:writeReleaseLintModelMetadata
> Task :react-native-screens:mapReleaseSourceSetPaths
> Task :react-native-masked-view_masked-view:verifyReleaseResources
> Task :react-native-masked-view_masked-view:assembleRelease
> Task :react-native-screens:stripReleaseDebugSymbols
> Task :react-native-worklets:buildCMakeRelWithDebInfo[arm64-v8a][worklets]
> Task :react-native-async-storage_async-storage:verifyReleaseResources
> Task :react-native-async-storage_async-storage:assembleRelease
> Task :react-native-async-storage_async-storage:lintVitalAnalyzeRelease
> Task :react-native-worklets:externalNativeBuildRelease
> Task :react-native-worklets:generateJsonModelRelease
> Task :react-native-worklets:prefabReleaseConfigurePackage
> Task :react-native-worklets:prefabReleasePackage
> Task :react-native-worklets:mergeReleaseJniLibFolders
> Task :react-native-worklets:checkKotlinGradlePluginConfigurationErrors SKIPPED
> Task :react-native-worklets:generateReleaseBuildConfig
> Task :react-native-worklets:generateReleaseResValues
> Task :react-native-worklets:generateReleaseResources
> Task :react-native-worklets:mergeReleaseNativeLibs
> Task :react-native-worklets:packageReleaseResources
> Task :react-native-community_netinfo:verifyReleaseResources
> Task :react-native-community_netinfo:assembleRelease
> Task :react-native-worklets:copyReleaseJniLibsProjectOnly
> Task :react-native-worklets:javaPreCompileRelease
> Task :app:createBundleReleaseJsAndAssets

> Task :react-native-maps:compileReleaseJavaWithJavac
Note: Some input files use or override a deprecated API.
Note: Recompile with -Xlint:deprecation for details.
Note: Some input files use unchecked or unsafe operations.
Note: Recompile with -Xlint:unchecked for details.

> Task :react-native-webview:verifyReleaseResources
> Task :react-native-worklets:writeReleaseAarMetadata
> Task :react-native-worklets:extractDeepLinksRelease
> Task :react-native-worklets:parseReleaseLocalResources
> Task :react-native-reanimated:configureCMakeRelWithDebInfo[arm64-v8a]
> Task :react-native-reanimated:generateJsonModelRelease
> Task :react-native-reanimated:prefabReleaseConfigurePackage
> Task :expo-modules-core:configureCMakeRelWithDebInfo[arm64-v8a]
> Task :react-native-worklets:prepareReleaseArtProfile
> Task :react-native-worklets:generateReleaseRFile
> Task :react-native-reanimated:mapReleaseSourceSetPaths
> Task :react-native-gesture-handler:mapReleaseSourceSetPaths
> Task :react-native-worklets:processReleaseManifest
> Task :react-native-worklets:mergeReleaseShaders
> Task :react-native-safe-area-context:verifyReleaseResources
> Task :react-native-worklets:compileReleaseLibraryResources
> Task :expo-modules-core:mapReleaseSourceSetPaths
> Task :expo:mapReleaseSourceSetPaths
> Task :react-native-worklets:compileReleaseShaders NO-SOURCE
> Task :react-native-worklets:generateReleaseAssets UP-TO-DATE
> Task :react-native-worklets:mergeReleaseAssets
> Task :react-native-worklets:extractProguardFiles
> Task :react-native-worklets:prepareLintJarForPublish
> Task :react-native-worklets:extractDeepLinksForAarRelease
> Task :react-native-worklets:writeReleaseLintModelMetadata
> Task :react-native-maps:extractDeepLinksRelease
> Task :react-native-worklets:mapReleaseSourceSetPaths
> Task :react-native-maps:compileReleaseLibraryResources
> Task :react-native-maps:processReleaseManifest
> Task :react-native-maps:prepareReleaseArtProfile
> Task :react-native-maps:bundleLibCompileToJarRelease
> Task :react-native-maps:mergeReleaseShaders
> Task :react-native-maps:compileReleaseShaders NO-SOURCE
> Task :react-native-maps:generateReleaseAssets UP-TO-DATE
> Task :react-native-maps:mergeReleaseAssets
> Task :react-native-maps:processReleaseJavaRes NO-SOURCE
> Task :react-native-maps:bundleLibRuntimeToJarRelease
> Task :react-native-maps:createFullJarRelease
> Task :react-native-maps:extractProguardFiles
> Task :react-native-worklets:stripReleaseDebugSymbols
> Task :react-native-maps:generateReleaseLintModel
> Task :react-native-maps:stripReleaseDebugSymbols NO-SOURCE
> Task :react-native-maps:prepareLintJarForPublish
> Task :react-native-maps:copyReleaseJniLibsProjectAndLocalJars
> Task :react-native-maps:extractDeepLinksForAarRelease
> Task :react-native-maps:bundleLibRuntimeToDirRelease
> Task :react-native-maps:extractReleaseAnnotations
> Task :react-native-maps:mergeReleaseGeneratedProguardFiles
> Task :react-native-maps:mergeReleaseConsumerProguardFiles
> Task :react-native-maps:mergeReleaseJavaResource
> Task :react-native-maps:syncReleaseLibJars
> Task :expo-log-box:verifyReleaseResources

> Task :react-native-webview:compileReleaseKotlin
w: file:///C:/Users/272249/AppData/Local/Temp/r91fresh/frontend/node_modules/react-native-webview/android/src/main/java/com/reactnativecommunity/webview/RNCWebViewManagerImpl.kt:22:8 'object MapBuilder : Any' is deprecated. Use Kotlin's built-in collections extensions.
w: file:///C:/Users/272249/AppData/Local/Temp/r91fresh/frontend/node_modules/react-native-webview/android/src/main/java/com/reactnativecommunity/webview/RNCWebViewManagerImpl.kt:82:18 'var allowFileAccessFromFileURLs: Boolean' is deprecated. Deprecated in Java.
w: file:///C:/Users/272249/AppData/Local/Temp/r91fresh/frontend/node_modules/react-native-webview/android/src/main/java/com/reactnativecommunity/webview/RNCWebViewManagerImpl.kt:83:18 'var allowUniversalAccessFromFileURLs: Boolean' is deprecated. Deprecated in Java.
w: file:///C:/Users/272249/AppData/Local/Temp/r91fresh/frontend/node_modules/react-native-webview/android/src/main/java/com/reactnativecommunity/webview/RNCWebViewManagerImpl.kt:124:21 'fun allowScanningByMediaScanner(): Unit' is deprecated. Deprecated in Java.
w: file:///C:/Users/272249/AppData/Local/Temp/r91fresh/frontend/node_modules/react-native-webview/android/src/main/java/com/reactnativecommunity/webview/RNCWebViewManagerImpl.kt:161:36 'var systemUiVisibility: Int' is deprecated. Deprecated in Java.
w: file:///C:/Users/272249/AppData/Local/Temp/r91fresh/frontend/node_modules/react-native-webview/android/src/main/java/com/reactnativecommunity/webview/RNCWebViewManagerImpl.kt:300:14 'object MapBuilder : Any' is deprecated. Use Kotlin's built-in collections extensions.
w: file:///C:/Users/272249/AppData/Local/Temp/r91fresh/frontend/node_modules/react-native-webview/android/src/main/java/com/reactnativecommunity/webview/RNCWebViewManagerImpl.kt:350:34 Condition is always 'true'.
w: file:///C:/Users/272249/AppData/Local/Temp/r91fresh/frontend/node_modules/react-native-webview/android/src/main/java/com/reactnativecommunity/webview/RNCWebViewManagerImpl.kt:369:38 'var allowUniversalAccessFromFileURLs: Boolean' is deprecated. Deprecated in Java.
w: file:///C:/Users/272249/AppData/Local/Temp/r91fresh/frontend/node_modules/react-native-webview/android/src/main/java/com/reactnativecommunity/webview/RNCWebViewManagerImpl.kt:430:51 Unchecked cast of 'Any?' to 'HashMap<String, String>'.
w: file:///C:/Users/272249/AppData/Local/Temp/r91fresh/frontend/node_modules/react-native-webview/android/src/main/java/com/reactnativecommunity/webview/RNCWebViewManagerImpl.kt:486:23 'var savePassword: Boolean' is deprecated. Deprecated in Java.
w: file:///C:/Users/272249/AppData/Local/Temp/r91fresh/frontend/node_modules/react-native-webview/android/src/main/java/com/reactnativecommunity/webview/RNCWebViewManagerImpl.kt:487:23 'var saveFormData: Boolean' is deprecated. Deprecated in Java.
w: file:///C:/Users/272249/AppData/Local/Temp/r91fresh/frontend/node_modules/react-native-webview/android/src/main/java/com/reactnativecommunity/webview/RNCWebViewManagerImpl.kt:557:23 'var allowFileAccessFromFileURLs: Boolean' is deprecated. Deprecated in Java.
w: file:///C:/Users/272249/AppData/Local/Temp/r91fresh/frontend/node_modules/react-native-webview/android/src/main/java/com/reactnativecommunity/webview/RNCWebViewManagerImpl.kt:602:52 'static field FORCE_DARK_ON: Int' is deprecated. Deprecated in Java.
w: file:///C:/Users/272249/AppData/Local/Temp/r91fresh/frontend/node_modules/react-native-webview/android/src/main/java/com/reactnativecommunity/webview/RNCWebViewManagerImpl.kt:602:89 'static field FORCE_DARK_OFF: Int' is deprecated. Deprecated in Java.
w: file:///C:/Users/272249/AppData/Local/Temp/r91fresh/frontend/node_modules/react-native-webview/android/src/main/java/com/reactnativecommunity/webview/RNCWebViewManagerImpl.kt:603:35 'static fun setForceDark(p0: @NonNull() WebSettings, p1: Int): Unit' is deprecated. Deprecated in Java.
w: file:///C:/Users/272249/AppData/Local/Temp/r91fresh/frontend/node_modules/react-native-webview/android/src/main/java/com/reactnativecommunity/webview/RNCWebViewManagerImpl.kt:612:35 'static fun setForceDarkStrategy(p0: @NonNull() WebSettings, p1: Int): Unit' is deprecated. Deprecated in Java.
w: file:///C:/Users/272249/AppData/Local/Temp/r91fresh/frontend/node_modules/react-native-webview/android/src/main/java/com/reactnativecommunity/webview/RNCWebViewManagerImpl.kt:614:39 'static field DARK_STRATEGY_PREFER_WEB_THEME_OVER_USER_AGENT_DARKENING: Int' is deprecated. Deprecated in Java.
w: file:///C:/Users/272249/AppData/Local/Temp/r91fresh/frontend/node_modules/react-native-webview/android/src/main/java/com/reactnativecommunity/webview/RNCWebViewManagerImpl.kt:658:65 Unchecked cast of 'ArrayList<Any?>' to 'List<Map<String, String>>'.
w: file:///C:/Users/272249/AppData/Local/Temp/r91fresh/frontend/node_modules/react-native-webview/android/src/main/java/com/reactnativecommunity/webview/RNCWebViewManagerImpl.kt:679:23 'var saveFormData: Boolean' is deprecated. Deprecated in Java.
w: file:///C:/Users/272249/AppData/Local/Temp/r91fresh/frontend/node_modules/react-native-webview/android/src/main/java/com/reactnativecommunity/webview/events/SubResourceErrorEvent.kt:5:8 'interface RCTEventEmitter : JavaScriptModule' is deprecated. Use [RCTModernEventEmitter] instead.
w: file:///C:/Users/272249/AppData/Local/Temp/r91fresh/frontend/node_modules/react-native-webview/android/src/main/java/com/reactnativecommunity/webview/events/SubResourceErrorEvent.kt:11:3 'constructor<T : Event<T>>(viewTag: Int): Event<T>' is deprecated. Use constructor with explicit surfaceId instead.
w: file:///C:/Users/272249/AppData/Local/Temp/r91fresh/frontend/node_modules/react-native-webview/android/src/main/java/com/reactnativecommunity/webview/events/SubResourceErrorEvent.kt:22:16 This declaration overrides a deprecated member but is not marked as deprecated itself. Add the '@Deprecated' annotation or suppress the diagnostic.
w: file:///C:/Users/272249/AppData/Local/Temp/r91fresh/frontend/node_modules/react-native-webview/android/src/main/java/com/reactnativecommunity/webview/events/SubResourceErrorEvent.kt:22:42 'interface RCTEventEmitter : JavaScriptModule' is deprecated. Use [RCTModernEventEmitter] instead.
w: file:///C:/Users/272249/AppData/Local/Temp/r91fresh/frontend/node_modules/react-native-webview/android/src/main/java/com/reactnativecommunity/webview/events/SubResourceErrorEvent.kt:23:21 'fun receiveEvent(targetTag: Int, eventName: String, params: WritableMap?): Unit' is deprecated. Use [RCTModernEventEmitter.receiveEvent] instead.
w: file:///C:/Users/272249/AppData/Local/Temp/r91fresh/frontend/node_modules/react-native-webview/android/src/main/java/com/reactnativecommunity/webview/events/TopCustomMenuSelectionEvent.kt:5:8 'interface RCTEventEmitter : JavaScriptModule' is deprecated. Use [RCTModernEventEmitter] instead.
w: file:///C:/Users/272249/AppData/Local/Temp/r91fresh/frontend/node_modules/react-native-webview/android/src/main/java/com/reactnativecommunity/webview/events/TopCustomMenuSelectionEvent.kt:11:3 'constructor<T : Event<T>>(viewTag: Int): Event<T>' is deprecated. Use constructor with explicit surfaceId instead.
w: file:///C:/Users/272249/AppData/Local/Temp/r91fresh/frontend/node_modules/react-native-webview/android/src/main/java/com/reactnativecommunity/webview/events/TopCustomMenuSelectionEvent.kt:22:16 This declaration overrides a deprecated member but is not marked as deprecated itself. Add the '@Deprecated' annotation or suppress the diagnostic.
w: file:///C:/Users/272249/AppData/Local/Temp/r91fresh/frontend/node_modules/react-native-webview/android/src/main/java/com/reactnativecommunity/webview/events/TopCustomMenuSelectionEvent.kt:22:42 'interface RCTEventEmitter : JavaScriptModule' is deprecated. Use [RCTModernEventEmitter] instead.
w: file:///C:/Users/272249/AppData/Local/Temp/r91fresh/frontend/node_modules/react-native-webview/android/src/main/java/com/reactnativecommunity/webview/events/TopCustomMenuSelectionEvent.kt:23:21 'fun receiveEvent(targetTag: Int, eventName: String, params: WritableMap?): Unit' is deprecated. Use [RCTModernEventEmitter.receiveEvent] instead.
w: file:///C:/Users/272249/AppData/Local/Temp/r91fresh/frontend/node_modules/react-native-webview/android/src/main/java/com/reactnativecommunity/webview/events/TopHttpErrorEvent.kt:5:8 'interface RCTEventEmitter : JavaScriptModule' is deprecated. Use [RCTModernEventEmitter] instead.
w: file:///C:/Users/272249/AppData/Local/Temp/r91fresh/frontend/node_modules/react-native-webview/android/src/main/java/com/reactnativecommunity/webview/events/TopHttpErrorEvent.kt:11:3 'constructor<T : Event<T>>(viewTag: Int): Event<T>' is deprecated. Use constructor with explicit surfaceId instead.
w: file:///C:/Users/272249/AppData/Local/Temp/r91fresh/frontend/node_modules/react-native-webview/android/src/main/java/com/reactnativecommunity/webview/events/TopHttpErrorEvent.kt:22:16 This declaration overrides a deprecated member but is not marked as deprecated itself. Add the '@Deprecated' annotation or suppress the diagnostic.
w: file:///C:/Users/272249/AppData/Local/Temp/r91fresh/frontend/node_modules/react-native-webview/android/src/main/java/com/reactnativecommunity/webview/events/TopHttpErrorEvent.kt:22:42 'interface RCTEventEmitter : JavaScriptModule' is deprecated. Use [RCTModernEventEmitter] instead.
w: file:///C:/Users/272249/AppData/Local/Temp/r91fresh/frontend/node_modules/react-native-webview/android/src/main/java/com/reactnativecommunity/webview/events/TopHttpErrorEvent.kt:23:21 'fun receiveEvent(targetTag: Int, eventName: String, params: WritableMap?): Unit' is deprecated. Use [RCTModernEventEmitter.receiveEvent] instead.
w: file:///C:/Users/272249/AppData/Local/Temp/r91fresh/frontend/node_modules/react-native-webview/android/src/main/java/com/reactnativecommunity/webview/events/TopLoadingErrorEvent.kt:5:8 'interface RCTEventEmitter : JavaScriptModule' is deprecated. Use [RCTModernEventEmitter] instead.
w: file:///C:/Users/272249/AppData/Local/Temp/r91fresh/frontend/node_modules/react-native-webview/android/src/main/java/com/reactnativecommunity/webview/events/TopLoadingErrorEvent.kt:11:3 'constructor<T : Event<T>>(viewTag: Int): Event<T>' is deprecated. Use constructor with explicit surfaceId instead.
w: file:///C:/Users/272249/AppData/Local/Temp/r91fresh/frontend/node_modules/react-native-webview/android/src/main/java/com/reactnativecommunity/webview/events/TopLoadingErrorEvent.kt:22:16 This declaration overrides a deprecated member but is not marked as deprecated itself. Add the '@Deprecated' annotation or suppress the diagnostic.
w: file:///C:/Users/272249/AppData/Local/Temp/r91fresh/frontend/node_modules/react-native-webview/android/src/main/java/com/reactnativecommunity/webview/events/TopLoadingErrorEvent.kt:22:42 'interface RCTEventEmitter : JavaScriptModule' is deprecated. Use [RCTModernEventEmitter] instead.
w: file:///C:/Users/272249/AppData/Local/Temp/r91fresh/frontend/node_modules/react-native-webview/android/src/main/java/com/reactnativecommunity/webview/events/TopLoadingErrorEvent.kt:23:21 'fun receiveEvent(targetTag: Int, eventName: String, params: WritableMap?): Unit' is deprecated. Use [RCTModernEventEmitter.receiveEvent] instead.
w: file:///C:/Users/272249/AppData/Local/Temp/r91fresh/frontend/node_modules/react-native-webview/android/src/main/java/com/reactnativecommunity/webview/events/TopLoadingFinishEvent.kt:5:8 'interface RCTEventEmitter : JavaScriptModule' is deprecated. Use [RCTModernEventEmitter] instead.
w: file:///C:/Users/272249/AppData/Local/Temp/r91fresh/frontend/node_modules/react-native-webview/android/src/main/java/com/reactnativecommunity/webview/events/TopLoadingFinishEvent.kt:11:3 'constructor<T : Event<T>>(viewTag: Int): Event<T>' is deprecated. Use constructor with explicit surfaceId instead.
w: file:///C:/Users/272249/AppData/Local/Temp/r91fresh/frontend/node_modules/react-native-webview/android/src/main/java/com/reactnativecommunity/webview/events/TopLoadingFinishEvent.kt:22:16 This declaration overrides a deprecated member but is not marked as deprecated itself. Add the '@Deprecated' annotation or suppress the diagnostic.
w: file:///C:/Users/272249/AppData/Local/Temp/r91fresh/frontend/node_modules/react-native-webview/android/src/main/java/com/reactnativecommunity/webview/events/TopLoadingFinishEvent.kt:22:42 'interface RCTEventEmitter : JavaScriptModule' is deprecated. Use [RCTModernEventEmitter] instead.
w: file:///C:/Users/272249/AppData/Local/Temp/r91fresh/frontend/node_modules/react-native-webview/android/src/main/java/com/reactnativecommunity/webview/events/TopLoadingFinishEvent.kt:23:21 'fun receiveEvent(targetTag: Int, eventName: String, params: WritableMap?): Unit' is deprecated. Use [RCTModernEventEmitter.receiveEvent] instead.
w: file:///C:/Users/272249/AppData/Local/Temp/r91fresh/frontend/node_modules/react-native-webview/android/src/main/java/com/reactnativecommunity/webview/events/TopLoadingProgressEvent.kt:5:8 'interface RCTEventEmitter : JavaScriptModule' is deprecated. Use [RCTModernEventEmitter] instead.
w: file:///C:/Users/272249/AppData/Local/Temp/r91fresh/frontend/node_modules/react-native-webview/android/src/main/java/com/reactnativecommunity/webview/events/TopLoadingProgressEvent.kt:11:3 'constructor<T : Event<T>>(viewTag: Int): Event<T>' is deprecated. Use constructor with explicit surfaceId instead.
w: file:///C:/Users/272249/AppData/Local/Temp/r91fresh/frontend/node_modules/react-native-webview/android/src/main/java/com/reactnativecommunity/webview/events/TopLoadingProgressEvent.kt:22:16 This declaration overrides a deprecated member but is not marked as deprecated itself. Add the '@Deprecated' annotation or suppress the diagnostic.
w: file:///C:/Users/272249/AppData/Local/Temp/r91fresh/frontend/node_modules/react-native-webview/android/src/main/java/com/reactnativecommunity/webview/events/TopLoadingProgressEvent.kt:22:42 'interface RCTEventEmitter : JavaScriptModule' is deprecated. Use [RCTModernEventEmitter] instead.
w: file:///C:/Users/272249/AppData/Local/Temp/r91fresh/frontend/node_modules/react-native-webview/android/src/main/java/com/reactnativecommunity/webview/events/TopLoadingProgressEvent.kt:23:21 'fun receiveEvent(targetTag: Int, eventName: String, params: WritableMap?): Unit' is deprecated. Use [RCTModernEventEmitter.receiveEvent] instead.
w: file:///C:/Users/272249/AppData/Local/Temp/r91fresh/frontend/node_modules/react-native-webview/android/src/main/java/com/reactnativecommunity/webview/events/TopLoadingStartEvent.kt:5:8 'interface RCTEventEmitter : JavaScriptModule' is deprecated. Use [RCTModernEventEmitter] instead.
w: file:///C:/Users/272249/AppData/Local/Temp/r91fresh/frontend/node_modules/react-native-webview/android/src/main/java/com/reactnativecommunity/webview/events/TopLoadingStartEvent.kt:11:3 'constructor<T : Event<T>>(viewTag: Int): Event<T>' is deprecated. Use constructor with explicit surfaceId instead.
w: file:///C:/Users/272249/AppData/Local/Temp/r91fresh/frontend/node_modules/react-native-webview/android/src/main/java/com/reactnativecommunity/webview/events/TopLoadingStartEvent.kt:22:16 This declaration overrides a deprecated member but is not marked as deprecated itself. Add the '@Deprecated' annotation or suppress the diagnostic.
w: file:///C:/Users/272249/AppData/Local/Temp/r91fresh/frontend/node_modules/react-native-webview/android/src/main/java/com/reactnativecommunity/webview/events/TopLoadingStartEvent.kt:22:42 'interface RCTEventEmitter : JavaScriptModule' is deprecated. Use [RCTModernEventEmitter] instead.
w: file:///C:/Users/272249/AppData/Local/Temp/r91fresh/frontend/node_modules/react-native-webview/android/src/main/java/com/reactnativecommunity/webview/events/TopLoadingStartEvent.kt:23:21 'fun receiveEvent(targetTag: Int, eventName: String, params: WritableMap?): Unit' is deprecated. Use [RCTModernEventEmitter.receiveEvent] instead.
w: file:///C:/Users/272249/AppData/Local/Temp/r91fresh/frontend/node_modules/react-native-webview/android/src/main/java/com/reactnativecommunity/webview/events/TopMessageEvent.kt:5:8 'interface RCTEventEmitter : JavaScriptModule' is deprecated. Use [RCTModernEventEmitter] instead.
w: file:///C:/Users/272249/AppData/Local/Temp/r91fresh/frontend/node_modules/react-native-webview/android/src/main/java/com/reactnativecommunity/webview/events/TopMessageEvent.kt:10:75 'constructor<T : Event<T>>(viewTag: Int): Event<T>' is deprecated. Use constructor with explicit surfaceId instead.
w: file:///C:/Users/272249/AppData/Local/Temp/r91fresh/frontend/node_modules/react-native-webview/android/src/main/java/com/reactnativecommunity/webview/events/TopMessageEvent.kt:21:16 This declaration overrides a deprecated member but is not marked as deprecated itself. Add the '@Deprecated' annotation or suppress the diagnostic.
w: file:///C:/Users/272249/AppData/Local/Temp/r91fresh/frontend/node_modules/react-native-webview/android/src/main/java/com/reactnativecommunity/webview/events/TopMessageEvent.kt:21:42 'interface RCTEventEmitter : JavaScriptModule' is deprecated. Use [RCTModernEventEmitter] instead.
w: file:///C:/Users/272249/AppData/Local/Temp/r91fresh/frontend/node_modules/react-native-webview/android/src/main/java/com/reactnativecommunity/webview/events/TopMessageEvent.kt:22:21 'fun receiveEvent(targetTag: Int, eventName: String, params: WritableMap?): Unit' is deprecated. Use [RCTModernEventEmitter.receiveEvent] instead.
w: file:///C:/Users/272249/AppData/Local/Temp/r91fresh/frontend/node_modules/react-native-webview/android/src/main/java/com/reactnativecommunity/webview/events/TopNewWindowEvent.kt:5:8 'interface RCTEventEmitter : JavaScriptModule' is deprecated. Use [RCTModernEventEmitter] instead.
w: file:///C:/Users/272249/AppData/Local/Temp/r91fresh/frontend/node_modules/react-native-webview/android/src/main/java/com/reactnativecommunity/webview/events/TopNewWindowEvent.kt:11:3 'constructor<T : Event<T>>(viewTag: Int): Event<T>' is deprecated. Use constructor with explicit surfaceId instead.
w: file:///C:/Users/272249/AppData/Local/Temp/r91fresh/frontend/node_modules/react-native-webview/android/src/main/java/com/reactnativecommunity/webview/events/TopNewWindowEvent.kt:22:16 This declaration overrides a deprecated member but is not marked as deprecated itself. Add the '@Deprecated' annotation or suppress the diagnostic.
w: file:///C:/Users/272249/AppData/Local/Temp/r91fresh/frontend/node_modules/react-native-webview/android/src/main/java/com/reactnativecommunity/webview/events/TopNewWindowEvent.kt:22:42 'interface RCTEventEmitter : JavaScriptModule' is deprecated. Use [RCTModernEventEmitter] instead.
w: file:///C:/Users/272249/AppData/Local/Temp/r91fresh/frontend/node_modules/react-native-webview/android/src/main/java/com/reactnativecommunity/webview/events/TopNewWindowEvent.kt:23:21 'fun receiveEvent(targetTag: Int, eventName: String, params: WritableMap?): Unit' is deprecated. Use [RCTModernEventEmitter.receiveEvent] instead.
w: file:///C:/Users/272249/AppData/Local/Temp/r91fresh/frontend/node_modules/react-native-webview/android/src/main/java/com/reactnativecommunity/webview/events/TopRenderProcessGoneEvent.kt:5:8 'interface RCTEventEmitter : JavaScriptModule' is deprecated. Use [RCTModernEventEmitter] instead.
w: file:///C:/Users/272249/AppData/Local/Temp/r91fresh/frontend/node_modules/react-native-webview/android/src/main/java/com/reactnativecommunity/webview/events/TopRenderProcessGoneEvent.kt:12:3 'constructor<T : Event<T>>(viewTag: Int): Event<T>' is deprecated. Use constructor with explicit surfaceId instead.
w: file:///C:/Users/272249/AppData/Local/Temp/r91fresh/frontend/node_modules/react-native-webview/android/src/main/java/com/reactnativecommunity/webview/events/TopRenderProcessGoneEvent.kt:23:16 This declaration overrides a deprecated member but is not marked as deprecated itself. Add the '@Deprecated' annotation or suppress the diagnostic.
w: file:///C:/Users/272249/AppData/Local/Temp/r91fresh/frontend/node_modules/react-native-webview/android/src/main/java/com/reactnativecommunity/webview/events/TopRenderProcessGoneEvent.kt:23:42 'interface RCTEventEmitter : JavaScriptModule' is deprecated. Use [RCTModernEventEmitter] instead.
w: file:///C:/Users/272249/AppData/Local/Temp/r91fresh/frontend/node_modules/react-native-webview/android/src/main/java/com/reactnativecommunity/webview/events/TopRenderProcessGoneEvent.kt:24:21 'fun receiveEvent(targetTag: Int, eventName: String, params: WritableMap?): Unit' is deprecated. Use [RCTModernEventEmitter.receiveEvent] instead.
w: file:///C:/Users/272249/AppData/Local/Temp/r91fresh/frontend/node_modules/react-native-webview/android/src/main/java/com/reactnativecommunity/webview/events/TopShouldStartLoadWithRequestEvent.kt:5:8 'interface RCTEventEmitter : JavaScriptModule' is deprecated. Use [RCTModernEventEmitter] instead.
w: file:///C:/Users/272249/AppData/Local/Temp/r91fresh/frontend/node_modules/react-native-webview/android/src/main/java/com/reactnativecommunity/webview/events/TopShouldStartLoadWithRequestEvent.kt:10:89 'constructor<T : Event<T>>(viewTag: Int): Event<T>' is deprecated. Use constructor with explicit surfaceId instead.
w: file:///C:/Users/272249/AppData/Local/Temp/r91fresh/frontend/node_modules/react-native-webview/android/src/main/java/com/reactnativecommunity/webview/events/TopShouldStartLoadWithRequestEvent.kt:27:16 This declaration overrides a deprecated member but is not marked as deprecated itself. Add the '@Deprecated' annotation or suppress the diagnostic.
w: file:///C:/Users/272249/AppData/Local/Temp/r91fresh/frontend/node_modules/react-native-webview/android/src/main/java/com/reactnativecommunity/webview/events/TopShouldStartLoadWithRequestEvent.kt:27:42 'interface RCTEventEmitter : JavaScriptModule' is deprecated. Use [RCTModernEventEmitter] instead.
w: file:///C:/Users/272249/AppData/Local/Temp/r91fresh/frontend/node_modules/react-native-webview/android/src/main/java/com/reactnativecommunity/webview/events/TopShouldStartLoadWithRequestEvent.kt:28:21 'fun receiveEvent(targetTag: Int, eventName: String, params: WritableMap?): Unit' is deprecated. Use [RCTModernEventEmitter.receiveEvent] instead.

> Task :react-native-safe-area-context:compileReleaseKotlin
w: file:///C:/Users/272249/AppData/Local/Temp/r91fresh/frontend/node_modules/react-native-safe-area-context/android/src/main/java/com/th3rdwave/safeareacontext/SafeAreaProviderManager.kt:39:19 'fun getEventDispatcherForReactTag(context: ReactContext, reactTag: Int): EventDispatcher?' is deprecated. reactTag is no longer needed.
w: file:///C:/Users/272249/AppData/Local/Temp/r91fresh/frontend/node_modules/react-native-safe-area-context/android/src/main/java/com/th3rdwave/safeareacontext/SafeAreaView.kt:9:8 'class UIManagerModule : ReactContextBaseJavaModule, LifecycleEventListener, UIManager' is deprecated. Deprecated in Java.
w: file:///C:/Users/272249/AppData/Local/Temp/r91fresh/frontend/node_modules/react-native-safe-area-context/android/src/main/java/com/th3rdwave/safeareacontext/SafeAreaView.kt:50:54 'class UIManagerModule : ReactContextBaseJavaModule, LifecycleEventListener, UIManager' is deprecated. Deprecated in Java.
w: file:///C:/Users/272249/AppData/Local/Temp/r91fresh/frontend/node_modules/react-native-safe-area-context/android/src/main/java/com/th3rdwave/safeareacontext/SafeAreaView.kt:59:23 'val uiImplementation: UIImplementation!' is deprecated. Deprecated in Java.
w: file:///C:/Users/272249/AppData/Local/Temp/r91fresh/frontend/node_modules/react-native-safe-area-context/android/src/main/java/com/th3rdwave/safeareacontext/SafeAreaViewShadowNode.kt:9:32 'class LayoutShadowNode : ReactShadowNodeImpl' is deprecated. This class is part of Legacy Architecture and will be removed in a future release.
w: file:///C:/Users/272249/AppData/Local/Temp/r91fresh/frontend/node_modules/react-native-safe-area-context/android/src/main/java/com/th3rdwave/safeareacontext/SafeAreaViewShadowNode.kt:110:61 'class NativeViewHierarchyOptimizer : Any' is deprecated. This class is part of Legacy Architecture and will be removed in a future release.

> Task :react-native-screens:mergeReleaseResources
> Task :react-native-screens:copyReleaseJniLibsProjectAndLocalJars
> Task :react-native-maps:bundleReleaseLocalLintAar
> Task :react-native-maps:writeReleaseLintModelMetadata
> Task :react-native-maps:generateReleaseLintVitalModel
> Task :react-native-maps:bundleReleaseAar
> Task :react-native-maps:mapReleaseSourceSetPaths
> Task :react-native-worklets:compileReleaseKotlin
> Task :react-native-reanimated:mergeReleaseResources
> Task :react-native-worklets:mergeReleaseResources
> Task :react-native-safe-area-context:compileReleaseJavaWithJavac
> Task :react-native-safe-area-context:bundleLibRuntimeToJarRelease
> Task :react-native-safe-area-context:bundleLibCompileToJarRelease
> Task :react-native-safe-area-context:processReleaseJavaRes
> Task :react-native-safe-area-context:createFullJarRelease
> Task :react-native-safe-area-context:bundleLibRuntimeToDirRelease
> Task :react-native-safe-area-context:generateReleaseLintModel
> Task :react-native-safe-area-context:extractReleaseAnnotations
> Task :react-native-safe-area-context:mergeReleaseGeneratedProguardFiles
> Task :react-native-safe-area-context:mergeReleaseConsumerProguardFiles
> Task :react-native-safe-area-context:mergeReleaseJavaResource
> Task :expo-modules-core:mergeReleaseResources
> Task :react-native-safe-area-context:generateReleaseLintVitalModel
> Task :react-native-safe-area-context:syncReleaseLibJars
> Task :react-native-safe-area-context:bundleReleaseLocalLintAar
> Task :react-native-safe-area-context:bundleReleaseAar
> Task :react-native-safe-area-context:assembleRelease
> Task :react-native-worklets:compileReleaseJavaWithJavac
> Task :react-native-worklets:bundleLibCompileToJarRelease
> Task :react-native-worklets:bundleLibRuntimeToJarRelease
> Task :react-native-worklets:processReleaseJavaRes
> Task :react-native-worklets:createFullJarRelease
> Task :react-native-worklets:bundleLibRuntimeToDirRelease
> Task :react-native-worklets:generateReleaseLintModel
> Task :react-native-worklets:copyReleaseJniLibsProjectAndLocalJars
> Task :react-native-worklets:extractReleaseAnnotations
> Task :react-native-worklets:mergeReleaseGeneratedProguardFiles
> Task :react-native-worklets:mergeReleaseConsumerProguardFiles
> Task :react-native-worklets:lintVitalAnalyzeRelease SKIPPED
> Task :react-native-worklets:mergeReleaseJavaResource
> Task :react-native-screens:compileReleaseKotlin
> Task :react-native-worklets:generateReleaseLintVitalModel
> Task :react-native-worklets:syncReleaseLibJars
> Task :react-native-worklets:bundleReleaseLocalLintAar
> Task :react-native-maps:mergeReleaseResources
> Task :react-native-worklets:bundleReleaseAar
> Task :expo:mergeReleaseResources

> Task :react-native-webview:compileReleaseJavaWithJavac
Note: Some input files use or override a deprecated API.
Note: Recompile with -Xlint:deprecation for details.

> Task :expo-modules-core:buildCMakeRelWithDebInfo[arm64-v8a]
> Task :react-native-webview:bundleLibRuntimeToJarRelease
> Task :react-native-webview:processReleaseJavaRes
> Task :react-native-webview:bundleLibCompileToJarRelease
> Task :react-native-webview:createFullJarRelease
> Task :react-native-webview:generateReleaseLintModel
> Task :react-native-webview:extractReleaseAnnotations
> Task :react-native-webview:bundleLibRuntimeToDirRelease
> Task :react-native-webview:mergeReleaseGeneratedProguardFiles
> Task :react-native-webview:mergeReleaseConsumerProguardFiles
> Task :react-native-webview:mergeReleaseJavaResource
> Task :expo-modules-core:mergeReleaseNativeLibs
> Task :react-native-webview:syncReleaseLibJars
> Task :react-native-webview:bundleReleaseLocalLintAar
> Task :react-native-webview:generateReleaseLintVitalModel
> Task :react-native-webview:bundleReleaseAar
> Task :react-native-webview:assembleRelease
> Task :react-native-gesture-handler:configureCMakeRelWithDebInfo[arm64-v8a]
> Task :react-native-maps:lintVitalAnalyzeRelease
> Task :expo-modules-core:copyReleaseJniLibsProjectOnly
> Task :react-native-safe-area-context:lintVitalAnalyzeRelease
> Task :expo-modules-core:stripReleaseDebugSymbols
> Task :expo-modules-core:copyReleaseJniLibsProjectAndLocalJars
> Task :react-native-screens:verifyReleaseResources
> Task :react-native-maps:verifyReleaseResources
> Task :react-native-maps:assembleRelease
> Task :react-native-webview:lintVitalAnalyzeRelease
> Task :react-native-reanimated:buildCMakeRelWithDebInfo[arm64-v8a][reanimated]
> Task :react-native-worklets:verifyReleaseResources
> Task :react-native-worklets:assembleRelease
> Task :expo-modules-core:verifyReleaseResources

> Task :app:createBundleReleaseJsAndAssets
Starting Metro Bundler


> Task :expo:verifyReleaseResources

> Task :app:createBundleReleaseJsAndAssets
warning: Bundler cache is empty, rebuilding (this may take a minute)

The Daemon will expire after the build after running out of JVM Metaspace.
The project memory settings are likely not configured or are configured to an insufficient value.
The daemon will restart for the next build, which may increase subsequent build times.
These settings can be adjusted by setting 'org.gradle.jvmargs' in 'gradle.properties'.
The currently configured max heap space is '2 GiB' and the configured max metaspace is '512 MiB'.
For more information on how to set these values, please refer to https://docs.gradle.org/9.3.1/userguide/build_environment.html#sec:configuring_jvm_memory in the Gradle documentation.
To disable this warning, set 'org.gradle.daemon.performance.disable-logging=true'.

> Task :react-native-screens:compileReleaseKotlin
w: file:///C:/Users/272249/AppData/Local/Temp/r91fresh/frontend/node_modules/react-native-screens/android/src/main/java/com/swmansion/rnscreens/RNScreensPackage.kt:70:9 The corresponding parameter in the supertype 'BaseReactPackage' is named 'name'. This may cause problems when calling this function with named arguments.
w: file:///C:/Users/272249/AppData/Local/Temp/r91fresh/frontend/node_modules/react-native-screens/android/src/main/java/com/swmansion/rnscreens/RNScreensPackage.kt:71:9 The corresponding parameter in the supertype 'BaseReactPackage' is named 'reactContext'. This may cause problems when calling this function with named arguments.
w: file:///C:/Users/272249/AppData/Local/Temp/r91fresh/frontend/node_modules/react-native-screens/android/src/main/java/com/swmansion/rnscreens/RNScreensPackage.kt:83:17 'constructor(name: String, className: String, canOverrideExistingModule: Boolean, needsEagerInit: Boolean, hasConstants: Boolean, isCxxModule: Boolean, isTurboModule: Boolean): ReactModuleInfo' is deprecated. This constructor is deprecated and will be removed in the future. Use ReactModuleInfo(String, String, boolean, boolean, boolean, boolean)].
w: file:///C:/Users/272249/AppData/Local/Temp/r91fresh/frontend/node_modules/react-native-screens/android/src/main/java/com/swmansion/rnscreens/Screen.kt:54:77 Unchecked cast of '(CoordinatorLayout.Behavior<View!>?..CoordinatorLayout.Behavior<*>?)' to 'BottomSheetBehavior<Screen>'.
w: file:///C:/Users/272249/AppData/Local/Temp/r91fresh/frontend/node_modules/react-native-screens/android/src/main/java/com/swmansion/rnscreens/Screen.kt:59:33 'fun getEventDispatcherForReactTag(context: ReactContext, reactTag: Int): EventDispatcher?' is deprecated. reactTag is no longer needed.
w: file:///C:/Users/272249/AppData/Local/Temp/r91fresh/frontend/node_modules/react-native-screens/android/src/main/java/com/swmansion/rnscreens/Screen.kt:516:14 'fun getEventDispatcherForReactTag(context: ReactContext, reactTag: Int): EventDispatcher?' is deprecated. reactTag is no longer needed.
w: file:///C:/Users/272249/AppData/Local/Temp/r91fresh/frontend/node_modules/react-native-screens/android/src/main/java/com/swmansion/rnscreens/ScreenContainer.kt:250:18 'fun getEventDispatcherForReactTag(context: ReactContext, reactTag: Int): EventDispatcher?' is deprecated. reactTag is no longer needed.
w: file:///C:/Users/272249/AppData/Local/Temp/r91fresh/frontend/node_modules/react-native-screens/android/src/main/java/com/swmansion/rnscreens/ScreenContainer.kt:260:18 'fun getEventDispatcherForReactTag(context: ReactContext, reactTag: Int): EventDispatcher?' is deprecated. reactTag is no longer needed.
w: file:///C:/Users/272249/AppData/Local/Temp/r91fresh/frontend/node_modules/react-native-screens/android/src/main/java/com/swmansion/rnscreens/ScreenFragment.kt:225:37 'fun getEventDispatcherForReactTag(context: ReactContext, reactTag: Int): EventDispatcher?' is deprecated. reactTag is no longer needed.
w: file:///C:/Users/272249/AppData/Local/Temp/r91fresh/frontend/node_modules/react-native-screens/android/src/main/java/com/swmansion/rnscreens/ScreenFragment.kt:242:14 'fun getEventDispatcherForReactTag(context: ReactContext, reactTag: Int): EventDispatcher?' is deprecated. reactTag is no longer needed.
w: file:///C:/Users/272249/AppData/Local/Temp/r91fresh/frontend/node_modules/react-native-screens/android/src/main/java/com/swmansion/rnscreens/ScreenFragment.kt:258:22 'fun getEventDispatcherForReactTag(context: ReactContext, reactTag: Int): EventDispatcher?' is deprecated. reactTag is no longer needed.
w: file:///C:/Users/272249/AppData/Local/Temp/r91fresh/frontend/node_modules/react-native-screens/android/src/main/java/com/swmansion/rnscreens/ScreenFragment.kt:327:22 'fun getEventDispatcherForReactTag(context: ReactContext, reactTag: Int): EventDispatcher?' is deprecated. reactTag is no longer needed.
w: file:///C:/Users/272249/AppData/Local/Temp/r91fresh/frontend/node_modules/react-native-screens/android/src/main/java/com/swmansion/rnscreens/ScreenModalFragment.kt:180:22 'fun getEventDispatcherForReactTag(context: ReactContext, reactTag: Int): EventDispatcher?' is deprecated. reactTag is no longer needed.
w: file:///C:/Users/272249/AppData/Local/Temp/r91fresh/frontend/node_modules/react-native-screens/android/src/main/java/com/swmansion/rnscreens/ScreenStack.kt:120:14 'fun getEventDispatcherForReactTag(context: ReactContext, reactTag: Int): EventDispatcher?' is deprecated. reactTag is no longer needed.
w: file:///C:/Users/272249/AppData/Local/Temp/r91fresh/frontend/node_modules/react-native-screens/android/src/main/java/com/swmansion/rnscreens/ScreenStackFragment.kt:173:18 'fun getEventDispatcherForReactTag(context: ReactContext, reactTag: Int): EventDispatcher?' is deprecated. reactTag is no longer needed.
w: file:///C:/Users/272249/AppData/Local/Temp/r91fresh/frontend/node_modules/react-native-screens/android/src/main/java/com/swmansion/rnscreens/ScreenStackFragment.kt:230:31 'var targetElevation: Float' is deprecated. Deprecated in Java.
w: file:///C:/Users/272249/AppData/Local/Temp/r91fresh/frontend/node_modules/react-native-screens/android/src/main/java/com/swmansion/rnscreens/ScreenStackFragment.kt:233:13 'fun setHasOptionsMenu(p0: Boolean): Unit' is deprecated. Deprecated in Java.
w: file:///C:/Users/272249/AppData/Local/Temp/r91fresh/frontend/node_modules/react-native-screens/android/src/main/java/com/swmansion/rnscreens/ScreenStackFragment.kt:443:18 This declaration overrides a deprecated member but is not marked as deprecated itself. Add the '@Deprecated' annotation or suppress the diagnostic.
w: file:///C:/Users/272249/AppData/Local/Temp/r91fresh/frontend/node_modules/react-native-screens/android/src/main/java/com/swmansion/rnscreens/ScreenStackFragment.kt:450:22 'fun onPrepareOptionsMenu(p0: Menu): Unit' is deprecated. Deprecated in Java.
w: file:///C:/Users/272249/AppData/Local/Temp/r91fresh/frontend/node_modules/react-native-screens/android/src/main/java/com/swmansion/rnscreens/ScreenStackFragment.kt:453:18 This declaration overrides a deprecated member but is not marked as deprecated itself. Add the '@Deprecated' annotation or suppress the diagnostic.
w: file:///C:/Users/272249/AppData/Local/Temp/r91fresh/frontend/node_modules/react-native-screens/android/src/main/java/com/swmansion/rnscreens/ScreenStackFragment.kt:458:22 'fun onCreateOptionsMenu(p0: Menu, p1: MenuInflater): Unit' is deprecated. Deprecated in Java.
w: file:///C:/Users/272249/AppData/Local/Temp/r91fresh/frontend/node_modules/react-native-screens/android/src/main/java/com/swmansion/rnscreens/ScreenStackHeaderConfig.kt:199:14 'fun getEventDispatcherForReactTag(context: ReactContext, reactTag: Int): EventDispatcher?' is deprecated. reactTag is no longer needed.
w: file:///C:/Users/272249/AppData/Local/Temp/r91fresh/frontend/node_modules/react-native-screens/android/src/main/java/com/swmansion/rnscreens/ScreenStackHeaderConfig.kt:209:14 'fun getEventDispatcherForReactTag(context: ReactContext, reactTag: Int): EventDispatcher?' is deprecated. reactTag is no longer needed.
w: file:///C:/Users/272249/AppData/Local/Temp/r91fresh/frontend/node_modules/react-native-screens/android/src/main/java/com/swmansion/rnscreens/ScreenWindowTraits.kt:48:42 'fun replaceSystemWindowInsets(p0: Int, p1: Int, p2: Int, p3: Int): @NonNull() WindowInsetsCompat' is deprecated. Deprecated in Java.
w: file:///C:/Users/272249/AppData/Local/Temp/r91fresh/frontend/node_modules/react-native-screens/android/src/main/java/com/swmansion/rnscreens/ScreenWindowTraits.kt:49:39 'val systemWindowInsetLeft: Int' is deprecated. Deprecated in Java.
w: file:///C:/Users/272249/AppData/Local/Temp/r91fresh/frontend/node_modules/react-native-screens/android/src/main/java/com/swmansion/rnscreens/ScreenWindowTraits.kt:51:39 'val systemWindowInsetRight: Int' is deprecated. Deprecated in Java.
w: file:///C:/Users/272249/AppData/Local/Temp/r91fresh/frontend/node_modules/react-native-screens/android/src/main/java/com/swmansion/rnscreens/ScreenWindowTraits.kt:52:39 'val systemWindowInsetBottom: Int' is deprecated. Deprecated in Java.
w: file:///C:/Users/272249/AppData/Local/Temp/r91fresh/frontend/node_modules/react-native-screens/android/src/main/java/com/swmansion/rnscreens/ScreensModule.kt:100:14 'fun getEventDispatcherForReactTag(context: ReactContext, reactTag: Int): EventDispatcher?' is deprecated. reactTag is no longer needed.
w: file:///C:/Users/272249/AppData/Local/Temp/r91fresh/frontend/node_modules/react-native-screens/android/src/main/java/com/swmansion/rnscreens/SearchBarView.kt:137:29 'fun getEventDispatcherForReactTag(context: ReactContext, reactTag: Int): EventDispatcher?' is deprecated. reactTag is no longer needed.
w: file:///C:/Users/272249/AppData/Local/Temp/r91fresh/frontend/node_modules/react-native-screens/android/src/main/java/com/swmansion/rnscreens/bottomsheet/BottomSheetDialogRootView.kt:7:8 'object ReactFeatureFlags : Any' is deprecated. Use com.facebook.react.internal.featureflags.ReactNativeFeatureFlags instead.
w: file:///C:/Users/272249/AppData/Local/Temp/r91fresh/frontend/node_modules/react-native-screens/android/src/main/java/com/swmansion/rnscreens/bottomsheet/BottomSheetDialogRootView.kt:25:13 'object ReactFeatureFlags : Any' is deprecated. Use com.facebook.react.internal.featureflags.ReactNativeFeatureFlags instead.
w: file:///C:/Users/272249/AppData/Local/Temp/r91fresh/frontend/node_modules/react-native-screens/android/src/main/java/com/swmansion/rnscreens/bottomsheet/BottomSheetDialogRootView.kt:32:9 The corresponding parameter in the supertype 'ReactViewGroup' is named 'left'. This may cause problems when calling this function with named arguments.
w: file:///C:/Users/272249/AppData/Local/Temp/r91fresh/frontend/node_modules/react-native-screens/android/src/main/java/com/swmansion/rnscreens/bottomsheet/BottomSheetDialogRootView.kt:33:9 The corresponding parameter in the supertype 'ReactViewGroup' is named 'top'. This may cause problems when calling this function with named arguments.
w: file:///C:/Users/272249/AppData/Local/Temp/r91fresh/frontend/node_modules/react-native-screens/android/src/main/java/com/swmansion/rnscreens/bottomsheet/BottomSheetDialogRootView.kt:34:9 The corresponding parameter in the supertype 'ReactViewGroup' is named 'right'. This may cause problems when calling this function with named arguments.
w: file:///C:/Users/272249/AppData/Local/Temp/r91fresh/frontend/node_modules/react-native-screens/android/src/main/java/com/swmansion/rnscreens/bottomsheet/BottomSheetDialogRootView.kt:35:9 The corresponding parameter in the supertype 'ReactViewGroup' is named 'bottom'. This may cause problems when calling this function with named arguments.
w: file:///C:/Users/272249/AppData/Local/Temp/r91fresh/frontend/node_modules/react-native-screens/android/src/main/java/com/swmansion/rnscreens/bottomsheet/BottomSheetDialogRootView.kt:71:9 The corresponding parameter in the supertype 'RootView' is named 'childView'. This may cause problems when calling this function with named arguments.
w: file:///C:/Users/272249/AppData/Local/Temp/r91fresh/frontend/node_modules/react-native-screens/android/src/main/java/com/swmansion/rnscreens/bottomsheet/BottomSheetDialogRootView.kt:72:9 The corresponding parameter in the supertype 'RootView' is named 'ev'. This may cause problems when calling this function with named arguments.
w: file:///C:/Users/272249/AppData/Local/Temp/r91fresh/frontend/node_modules/react-native-screens/android/src/main/java/com/swmansion/rnscreens/bottomsheet/BottomSheetDialogRootView.kt:79:46 The corresponding parameter in the supertype 'RootView' is named 'ev'. This may cause problems when calling this function with named arguments.
w: file:///C:/Users/272249/AppData/Local/Temp/r91fresh/frontend/node_modules/react-native-screens/android/src/main/java/com/swmansion/rnscreens/bottomsheet/BottomSheetDialogRootView.kt:83:9 The corresponding parameter in the supertype 'RootView' is named 'childView'. This may cause problems when calling this function with named arguments.
w: file:///C:/Users/272249/AppData/Local/Temp/r91fresh/frontend/node_modules/react-native-screens/android/src/main/java/com/swmansion/rnscreens/bottomsheet/BottomSheetDialogRootView.kt:84:9 The corresponding parameter in the supertype 'RootView' is named 'ev'. This may cause problems when calling this function with named arguments.
w: file:///C:/Users/272249/AppData/Local/Temp/r91fresh/frontend/node_modules/react-native-screens/android/src/main/java/com/swmansion/rnscreens/bottomsheet/BottomSheetDialogRootView.kt:95:34 The corresponding parameter in the supertype 'RootView' is named 't'. This may cause problems when calling this function with named arguments.
w: file:///C:/Users/272249/AppData/Local/Temp/r91fresh/frontend/node_modules/react-native-screens/android/src/main/java/com/swmansion/rnscreens/bottomsheet/DimmingView.kt:64:9 The corresponding parameter in the supertype 'ReactCompoundView' is named 'touchX'. This may cause problems when calling this function with named arguments.
w: file:///C:/Users/272249/AppData/Local/Temp/r91fresh/frontend/node_modules/react-native-screens/android/src/main/java/com/swmansion/rnscreens/bottomsheet/DimmingView.kt:65:9 The corresponding parameter in the supertype 'ReactCompoundView' is named 'touchY'. This may cause problems when calling this function with named arguments.
w: file:///C:/Users/272249/AppData/Local/Temp/r91fresh/frontend/node_modules/react-native-screens/android/src/main/java/com/swmansion/rnscreens/bottomsheet/DimmingView.kt:69:9 The corresponding parameter in the supertype 'ReactCompoundViewGroup' is named 'touchX'. This may cause problems when calling this function with named arguments.
w: file:///C:/Users/272249/AppData/Local/Temp/r91fresh/frontend/node_modules/react-native-screens/android/src/main/java/com/swmansion/rnscreens/bottomsheet/DimmingView.kt:70:9 The corresponding parameter in the supertype 'ReactCompoundViewGroup' is named 'touchY'. This may cause problems when calling this function with named arguments.
w: file:///C:/Users/272249/AppData/Local/Temp/r91fresh/frontend/node_modules/react-native-screens/android/src/main/java/com/swmansion/rnscreens/gamma/common/event/BaseEventEmitter.kt:12:38 'fun getEventDispatcherForReactTag(context: ReactContext, reactTag: Int): EventDispatcher?' is deprecated. reactTag is no longer needed.
w: file:///C:/Users/272249/AppData/Local/Temp/r91fresh/frontend/node_modules/react-native-screens/android/src/main/java/com/swmansion/rnscreens/gamma/modals/dimmingview/DimmingView.kt:64:9 The corresponding parameter in the supertype 'ReactCompoundView' is named 'touchX'. This may cause problems when calling this function with named arguments.
w: file:///C:/Users/272249/AppData/Local/Temp/r91fresh/frontend/node_modules/react-native-screens/android/src/main/java/com/swmansion/rnscreens/gamma/modals/dimmingview/DimmingView.kt:65:9 The corresponding parameter in the supertype 'ReactCompoundView' is named 'touchY'. This may cause problems when calling this function with named arguments.
w: file:///C:/Users/272249/AppData/Local/Temp/r91fresh/frontend/node_modules/react-native-screens/android/src/main/java/com/swmansion/rnscreens/gamma/modals/dimmingview/DimmingView.kt:69:9 The corresponding parameter in the supertype 'ReactCompoundViewGroup' is named 'touchX'. This may cause problems when calling this function with named arguments.
w: file:///C:/Users/272249/AppData/Local/Temp/r91fresh/frontend/node_modules/react-native-screens/android/src/main/java/com/swmansion/rnscreens/gamma/modals/dimmingview/DimmingView.kt:70:9 The corresponding parameter in the supertype 'ReactCompoundViewGroup' is named 'touchY'. This may cause problems when calling this function with named arguments.
w: file:///C:/Users/272249/AppData/Local/Temp/r91fresh/frontend/node_modules/react-native-screens/android/src/main/java/com/swmansion/rnscreens/gamma/modals/formsheet/FormSheetContentView.kt:11:8 'object ReactFeatureFlags : Any' is deprecated. Use com.facebook.react.internal.featureflags.ReactNativeFeatureFlags instead.
w: file:///C:/Users/272249/AppData/Local/Temp/r91fresh/frontend/node_modules/react-native-screens/android/src/main/java/com/swmansion/rnscreens/gamma/modals/formsheet/FormSheetContentView.kt:39:33 'fun getEventDispatcher(context: ReactContext, uiManagerType: Int): EventDispatcher?' is deprecated. UIManagerType is no longer needed.
w: file:///C:/Users/272249/AppData/Local/Temp/r91fresh/frontend/node_modules/react-native-screens/android/src/main/java/com/swmansion/rnscreens/gamma/modals/formsheet/FormSheetContentView.kt:44:13 'object ReactFeatureFlags : Any' is deprecated. Use com.facebook.react.internal.featureflags.ReactNativeFeatureFlags instead.
w: file:///C:/Users/272249/AppData/Local/Temp/r91fresh/frontend/node_modules/react-native-screens/android/src/main/java/com/swmansion/rnscreens/gamma/modals/formsheet/FormSheetHostViewManager.kt:38:9 The corresponding parameter in the supertype 'FormSheetHostViewManager' is named 'view'. This may cause problems when calling this function with named arguments.
w: file:///C:/Users/272249/AppData/Local/Temp/r91fresh/frontend/node_modules/react-native-screens/android/src/main/java/com/swmansion/rnscreens/gamma/tabs/host/TabsHostViewManager.kt:44:9 The corresponding parameter in the supertype 'TabsHostViewManager' is named 'view'. This may cause problems when calling this function with named arguments.
w: file:///C:/Users/272249/AppData/Local/Temp/r91fresh/frontend/node_modules/react-native-screens/android/src/main/java/com/swmansion/rnscreens/safearea/SafeAreaView.kt:143:45 'fun consumeDisplayCutout(): @NonNull() WindowInsetsCompat' is deprecated. Deprecated in Java.

> Task :expo-modules-core:compileReleaseKotlin
> Task :react-native-screens:compileReleaseJavaWithJavac
> Task :react-native-screens:processReleaseJavaRes
> Task :react-native-screens:bundleLibCompileToJarRelease
> Task :react-native-screens:generateReleaseLintModel
> Task :react-native-screens:bundleLibRuntimeToJarRelease
> Task :react-native-screens:extractReleaseAnnotations
> Task :react-native-screens:createFullJarRelease
> Task :react-native-screens:mergeReleaseGeneratedProguardFiles
> Task :react-native-screens:mergeReleaseConsumerProguardFiles
> Task :react-native-screens:mergeReleaseJavaResource
> Task :react-native-screens:syncReleaseLibJars
> Task :react-native-screens:bundleReleaseLocalLintAar
> Task :react-native-screens:generateReleaseLintVitalModel
> Task :react-native-screens:bundleReleaseAar
> Task :react-native-screens:assembleRelease
> Task :react-native-screens:bundleLibRuntimeToDirRelease
